[    1489ms] [ERROR] Failed to load resource: the server responded with a status of 404 () @ https://omnileadsagi.com/newsletter/generated/interlinked-premium-2026-07-15.webp:0
[    1490ms] [ERROR] Failed to load resource: the server responded with a status of 404 () @ https://omnileadsagi.com/newsletter/generated/interlinked-premium-2026-06-30.webp:0
[    1490ms] [ERROR] Failed to load resource: the server responded with a status of 404 () @ https://omnileadsagi.com/newsletter/generated/interlinked-premium-2026-07-18.webp:0
[    1919ms] [ERROR] Failed to load resource: the server responded with a status of 404 () @ https://omnileadsagi.com/newsletter/generated/interlinked-premium-2026-07-16.webp:0
[    1937ms] [ERROR] Failed to load resource: the server responded with a status of 404 () @ https://omnileadsagi.com/newsletter/generated/interlinked-premium-2026-07-12.webp:0
[    1937ms] [ERROR] Failed to load resource: the server responded with a status of 404 () @ https://omnileadsagi.com/newsletter/generated/premium-ai-coo-2026-07-09.webp:0
[    1937ms] [ERROR] Failed to load resource: the server responded with a status of 404 () @ https://omnileadsagi.com/newsletter/generated/ai-trends-brief-2026-07-12.webp:0
[    1947ms] [ERROR] Failed to load resource: the server responded with a status of 404 () @ https://omnileadsagi.com/newsletter/generated/premium-ai-execution-gap-2026-07-18.webp:0
[    1947ms] [ERROR] Failed to load resource: the server responded with a status of 404 () @ https://omnileadsagi.com/newsletter/generated/interlinked-premium-2026-07-02.webp:0
[    1949ms] [ERROR] Failed to load resource: the server responded with a status of 404 () @ https://omnileadsagi.com/newsletter/generated/interlinked-premium-2026-07-08.webp:0
[    1950ms] [ERROR] Failed to load resource: the server responded with a status of 404 () @ https://omnileadsagi.com/newsletter/generated/2026-07-23-competitors-automating-ceo.webp:0
[    1977ms] [ERROR] Failed to load resource: the server responded with a status of 404 () @ https://omnileadsagi.com/newsletter/generated/interlinked-premium-2026-07-09.webp:0
[    1977ms] [ERROR] Failed to load resource: the server responded with a status of 404 () @ https://omnileadsagi.com/newsletter/generated/free-ai-decisions-2026-07-09.webp:0
[    1983ms] [ERROR] Failed to load resource: the server responded with a status of 404 () @ https://omnileadsagi.com/newsletter/generated/ai-ceo-automation-july-5-2026-free.webp:0
[    1984ms] [ERROR] Failed to load resource: the server responded with a status of 404 () @ https://omnileadsagi.com/newsletter/generated/ai-ceo-automation-july-5-2026-premium.webp:0
[    1987ms] [ERROR] Failed to load resource: the server responded with a status of 404 () @ https://omnileadsagi.com/newsletter/generated/interlinked-premium-2026-07-07.webp:0
[    1991ms] [ERROR] Failed to load resource: the server responded with a status of 404 () @ https://omnileadsagi.com/newsletter/generated/interlinked-premium-2026-06-21.webp:0
[    1993ms] [ERROR] Failed to load resource: the server responded with a status of 404 () @ https://omnileadsagi.com/newsletter/generated/interlinked-premium-2026-07-05.webp:0
[    1999ms] [ERROR] Failed to load resource: the server responded with a status of 404 () @ https://omnileadsagi.com/newsletter/generated/ai-trends-brief-2026-07-15.webp:0
[    2000ms] [ERROR] Failed to load resource: the server responded with a status of 404 () @ https://omnileadsagi.com/newsletter/generated/ai-trends-brief-2026-07-07.webp:0
[    2000ms] [ERROR] Failed to load resource: the server responded with a status of 404 () @ https://omnileadsagi.com/newsletter/generated/ai-trends-brief-2026-07-13.webp:0
[    2007ms] [ERROR] Failed to load resource: the server responded with a status of 404 () @ https://omnileadsagi.com/newsletter/generated/interlinked-premium-2026-07-17.webp:0
[    2012ms] [ERROR] Failed to load resource: the server responded with a status of 404 () @ https://omnileadsagi.com/newsletter/generated/ai-trends-brief-2026-07-09.webp:0
[    2012ms] [ERROR] Failed to load resource: the server responded with a status of 404 () @ https://omnileadsagi.com/newsletter/generated/interlinked-premium-2026-06-03.webp:0
[    2014ms] [ERROR] Failed to load resource: the server responded with a status of 404 () @ https://omnileadsagi.com/newsletter/generated/interlinked-premium-2026-06-13.webp:0
[    2018ms] [ERROR] Failed to load resource: the server responded with a status of 404 () @ https://omnileadsagi.com/newsletter/generated/premium-newsletter-2026-06-24.webp:0
[    2021ms] [ERROR] Failed to load resource: the server responded with a status of 404 () @ https://omnileadsagi.com/newsletter/generated/interlinked-premium-2026-07-10.webp:0
[    2023ms] [ERROR] Failed to load resource: the server responded with a status of 404 () @ https://omnileadsagi.com/newsletter/generated/free-newsletter-2026-06-24.webp:0
[    2023ms] [ERROR] Failed to load resource: the server responded with a status of 404 () @ https://omnileadsagi.com/newsletter/generated/ai-trends-brief-2026-07-08.webp:0
[    2023ms] [ERROR] Failed to load resource: the server responded with a status of 404 () @ https://omnileadsagi.com/newsletter/generated/ai-trends-brief-2026-07-05.webp:0
[    2024ms] [ERROR] Failed to load resource: the server responded with a status of 404 () @ https://omnileadsagi.com/newsletter/generated/interlinked-free-2026-07-18.webp:0
[    2025ms] [ERROR] Failed to load resource: the server responded with a status of 404 () @ https://omnileadsagi.com/newsletter/generated/interlinked-free-2026-07-17.webp:0
[    2027ms] [ERROR] Failed to load resource: the server responded with a status of 404 () @ https://omnileadsagi.com/newsletter/generated/free-ai-ceo-competitive-edge-2026-07-18.webp:0
[    2030ms] [ERROR] Failed to load resource: the server responded with a status of 404 () @ https://omnileadsagi.com/newsletter/generated/interlinked-free-2026-07-16.webp:0
[    2034ms] [ERROR] Failed to load resource: the server responded with a status of 404 () @ https://omnileadsagi.com/newsletter/generated/ai-trends-brief-2026-07-10.webp:0
[    2037ms] [ERROR] Failed to load resource: the server responded with a status of 404 () @ https://omnileadsagi.com/newsletter/generated/interlinked-free-2026-07-02.webp:0
[    2050ms] [ERROR] Failed to load resource: the server responded with a status of 404 () @ https://omnileadsagi.com/newsletter/generated/interlinked-free-2026-07-15.webp:0
[    2055ms] [ERROR] Failed to load resource: the server responded with a status of 404 () @ https://omnileadsagi.com/newsletter/generated/interlinked-free-2026-06-21.webp:0
[    2063ms] [ERROR] Failed to load resource: the server responded with a status of 404 () @ https://omnileadsagi.com/newsletter/generated/interlinked-free-2026-06-30.webp:0
[    2084ms] [ERROR] Failed to load resource: the server responded with a status of 404 () @ https://omnileadsagi.com/newsletter/generated/interlinked-free-2026-06-03.webp:0
[    2089ms] [ERROR] Failed to load resource: the server responded with a status of 404 () @ https://omnileadsagi.com/newsletter/generated/interlinked-free-2026-06-13.webp:0
